[      71ms] [WARNING] Datadog Browser SDK: Tag version:HEAD doesn't meet tag requirements and will be sanitized. More details: https://docs.datadoghq.com/getting_started/tagging/#defining-tags @ https://www.23andme.com/_next/static/chunks/pages/_app-562b006700332003.js:0
[     467ms] [WARNING] Datadog Browser SDK: Tag version:HEAD doesn't meet tag requirements and will be sanitized. More details: https://docs.datadoghq.com/getting_started/tagging/#defining-tags @ https://www.23andme.com/_next/static/chunks/pages/_app-562b006700332003.js:0
[     581ms] [WARNING] Datadog Browser SDK: Tag version:HEAD doesn't meet tag requirements and will be sanitized. More details: https://docs.datadoghq.com/getting_started/tagging/#defining-tags @ https://www.23andme.com/_next/static/chunks/pages/_app-562b006700332003.js:0
[     879ms] [WARNING] Datadog Browser SDK: Tag version:HEAD doesn't meet tag requirements and will be sanitized. More details: https://docs.datadoghq.com/getting_started/tagging/#defining-tags @ https://www.23andme.com/_next/static/chunks/pages/_app-562b006700332003.js:0
[     879ms] [WARNING] Datadog Browser SDK: Tag version:HEAD doesn't meet tag requirements and will be sanitized. More details: https://docs.datadoghq.com/getting_started/tagging/#defining-tags @ https://www.23andme.com/_next/static/chunks/pages/_app-562b006700332003.js:0
[     879ms] [WARNING] Datadog Browser SDK: Tag version:HEAD doesn't meet tag requirements and will be sanitized. More details: https://docs.datadoghq.com/getting_started/tagging/#defining-tags @ https://www.23andme.com/_next/static/chunks/pages/_app-562b006700332003.js:0
[     879ms] [WARNING] Datadog Browser SDK: Tag version:HEAD doesn't meet tag requirements and will be sanitized. More details: https://docs.datadoghq.com/getting_started/tagging/#defining-tags @ https://www.23andme.com/_next/static/chunks/pages/_app-562b006700332003.js:0
[     879ms] [WARNING] Datadog Browser SDK: Tag version:HEAD doesn't meet tag requirements and will be sanitized. More details: https://docs.datadoghq.com/getting_started/tagging/#defining-tags @ https://www.23andme.com/_next/static/chunks/pages/_app-562b006700332003.js:0
[     879ms] [WARNING] Datadog Browser SDK: Tag version:HEAD doesn't meet tag requirements and will be sanitized. More details: https://docs.datadoghq.com/getting_started/tagging/#defining-tags @ https://www.23andme.com/_next/static/chunks/pages/_app-562b006700332003.js:0
[     879ms] [WARNING] Datadog Browser SDK: Tag version:HEAD doesn't meet tag requirements and will be sanitized. More details: https://docs.datadoghq.com/getting_started/tagging/#defining-tags @ https://www.23andme.com/_next/static/chunks/pages/_app-562b006700332003.js:0
[     880ms] [WARNING] Datadog Browser SDK: Tag version:HEAD doesn't meet tag requirements and will be sanitized. More details: https://docs.datadoghq.com/getting_started/tagging/#defining-tags @ https://www.23andme.com/_next/static/chunks/pages/_app-562b006700332003.js:0
[     880ms] [WARNING] Datadog Browser SDK: Tag version:HEAD doesn't meet tag requirements and will be sanitized. More details: https://docs.datadoghq.com/getting_started/tagging/#defining-tags @ https://www.23andme.com/_next/static/chunks/pages/_app-562b006700332003.js:0
[     880ms] [WARNING] Datadog Browser SDK: Tag version:HEAD doesn't meet tag requirements and will be sanitized. More details: https://docs.datadoghq.com/getting_started/tagging/#defining-tags @ https://www.23andme.com/_next/static/chunks/pages/_app-562b006700332003.js:0
[     880ms] [WARNING] Datadog Browser SDK: Tag version:HEAD doesn't meet tag requirements and will be sanitized. More details: https://docs.datadoghq.com/getting_started/tagging/#defining-tags @ https://www.23andme.com/_next/static/chunks/pages/_app-562b006700332003.js:0
[     880ms] [WARNING] Datadog Browser SDK: Tag version:HEAD doesn't meet tag requirements and will be sanitized. More details: https://docs.datadoghq.com/getting_started/tagging/#defining-tags @ https://www.23andme.com/_next/static/chunks/pages/_app-562b006700332003.js:0
[     880ms] [WARNING] Datadog Browser SDK: Tag version:HEAD doesn't meet tag requirements and will be sanitized. More details: https://docs.datadoghq.com/getting_started/tagging/#defining-tags @ https://www.23andme.com/_next/static/chunks/pages/_app-562b006700332003.js:0
[     880ms] [WARNING] Datadog Browser SDK: Tag version:HEAD doesn't meet tag requirements and will be sanitized. More details: https://docs.datadoghq.com/getting_started/tagging/#defining-tags @ https://www.23andme.com/_next/static/chunks/pages/_app-562b006700332003.js:0
[     880ms] [WARNING] Datadog Browser SDK: Tag version:HEAD doesn't meet tag requirements and will be sanitized. More details: https://docs.datadoghq.com/getting_started/tagging/#defining-tags @ https://www.23andme.com/_next/static/chunks/pages/_app-562b006700332003.js:0
[     881ms] [WARNING] Datadog Browser SDK: Tag version:HEAD doesn't meet tag requirements and will be sanitized. More details: https://docs.datadoghq.com/getting_started/tagging/#defining-tags @ https://www.23andme.com/_next/static/chunks/pages/_app-562b006700332003.js:0
[     881ms] [WARNING] Datadog Browser SDK: Tag version:HEAD doesn't meet tag requirements and will be sanitized. More details: https://docs.datadoghq.com/getting_started/tagging/#defining-tags @ https://www.23andme.com/_next/static/chunks/pages/_app-562b006700332003.js:0
[     881ms] [WARNING] Datadog Browser SDK: Tag version:HEAD doesn't meet tag requirements and will be sanitized. More details: https://docs.datadoghq.com/getting_started/tagging/#defining-tags @ https://www.23andme.com/_next/static/chunks/pages/_app-562b006700332003.js:0
[     881ms] [WARNING] Datadog Browser SDK: Tag version:HEAD doesn't meet tag requirements and will be sanitized. More details: https://docs.datadoghq.com/getting_started/tagging/#defining-tags @ https://www.23andme.com/_next/static/chunks/pages/_app-562b006700332003.js:0
[     881ms] [WARNING] Datadog Browser SDK: Tag version:HEAD doesn't meet tag requirements and will be sanitized. More details: https://docs.datadoghq.com/getting_started/tagging/#defining-tags @ https://www.23andme.com/_next/static/chunks/pages/_app-562b006700332003.js:0
[     881ms] [WARNING] Datadog Browser SDK: Tag version:HEAD doesn't meet tag requirements and will be sanitized. More details: https://docs.datadoghq.com/getting_started/tagging/#defining-tags @ https://www.23andme.com/_next/static/chunks/pages/_app-562b006700332003.js:0
[     881ms] [WARNING] Datadog Browser SDK: Tag version:HEAD doesn't meet tag requirements and will be sanitized. More details: https://docs.datadoghq.com/getting_started/tagging/#defining-tags @ https://www.23andme.com/_next/static/chunks/pages/_app-562b006700332003.js:0
[     881ms] [WARNING] Datadog Browser SDK: Tag version:HEAD doesn't meet tag requirements and will be sanitized. More details: https://docs.datadoghq.com/getting_started/tagging/#defining-tags @ https://www.23andme.com/_next/static/chunks/pages/_app-562b006700332003.js:0
[     881ms] [WARNING] Datadog Browser SDK: Tag version:HEAD doesn't meet tag requirements and will be sanitized. More details: https://docs.datadoghq.com/getting_started/tagging/#defining-tags @ https://www.23andme.com/_next/static/chunks/pages/_app-562b006700332003.js:0
[     881ms] [WARNING] Datadog Browser SDK: Tag version:HEAD doesn't meet tag requirements and will be sanitized. More details: https://docs.datadoghq.com/getting_started/tagging/#defining-tags @ https://www.23andme.com/_next/static/chunks/pages/_app-562b006700332003.js:0
[     881ms] [WARNING] Datadog Browser SDK: Tag version:HEAD doesn't meet tag requirements and will be sanitized. More details: https://docs.datadoghq.com/getting_started/tagging/#defining-tags @ https://www.23andme.com/_next/static/chunks/pages/_app-562b006700332003.js:0
[     881ms] [WARNING] Datadog Browser SDK: Tag version:HEAD doesn't meet tag requirements and will be sanitized. More details: https://docs.datadoghq.com/getting_started/tagging/#defining-tags @ https://www.23andme.com/_next/static/chunks/pages/_app-562b006700332003.js:0
[     882ms] [WARNING] Datadog Browser SDK: Tag version:HEAD doesn't meet tag requirements and will be sanitized. More details: https://docs.datadoghq.com/getting_started/tagging/#defining-tags @ https://www.23andme.com/_next/static/chunks/pages/_app-562b006700332003.js:0
[     882ms] [WARNING] Datadog Browser SDK: Tag version:HEAD doesn't meet tag requirements and will be sanitized. More details: https://docs.datadoghq.com/getting_started/tagging/#defining-tags @ https://www.23andme.com/_next/static/chunks/pages/_app-562b006700332003.js:0
[     882ms] [WARNING] Datadog Browser SDK: Tag version:HEAD doesn't meet tag requirements and will be sanitized. More details: https://docs.datadoghq.com/getting_started/tagging/#defining-tags @ https://www.23andme.com/_next/static/chunks/pages/_app-562b006700332003.js:0
[     882ms] [WARNING] Datadog Browser SDK: Tag version:HEAD doesn't meet tag requirements and will be sanitized. More details: https://docs.datadoghq.com/getting_started/tagging/#defining-tags @ https://www.23andme.com/_next/static/chunks/pages/_app-562b006700332003.js:0
[     882ms] [WARNING] Datadog Browser SDK: Tag version:HEAD doesn't meet tag requirements and will be sanitized. More details: https://docs.datadoghq.com/getting_started/tagging/#defining-tags @ https://www.23andme.com/_next/static/chunks/pages/_app-562b006700332003.js:0
[     882ms] [WARNING] Datadog Browser SDK: Tag version:HEAD doesn't meet tag requirements and will be sanitized. More details: https://docs.datadoghq.com/getting_started/tagging/#defining-tags @ https://www.23andme.com/_next/static/chunks/pages/_app-562b006700332003.js:0
[     882ms] [WARNING] Datadog Browser SDK: Tag version:HEAD doesn't meet tag requirements and will be sanitized. More details: https://docs.datadoghq.com/getting_started/tagging/#defining-tags @ https://www.23andme.com/_next/static/chunks/pages/_app-562b006700332003.js:0
[     882ms] [WARNING] Datadog Browser SDK: Tag version:HEAD doesn't meet tag requirements and will be sanitized. More details: https://docs.datadoghq.com/getting_started/tagging/#defining-tags @ https://www.23andme.com/_next/static/chunks/pages/_app-562b006700332003.js:0
[     882ms] [WARNING] Datadog Browser SDK: Tag version:HEAD doesn't meet tag requirements and will be sanitized. More details: https://docs.datadoghq.com/getting_started/tagging/#defining-tags @ https://www.23andme.com/_next/static/chunks/pages/_app-562b006700332003.js:0
[     882ms] [WARNING] Datadog Browser SDK: Tag version:HEAD doesn't meet tag requirements and will be sanitized. More details: https://docs.datadoghq.com/getting_started/tagging/#defining-tags @ https://www.23andme.com/_next/static/chunks/pages/_app-562b006700332003.js:0
[     882ms] [WARNING] Datadog Browser SDK: Tag version:HEAD doesn't meet tag requirements and will be sanitized. More details: https://docs.datadoghq.com/getting_started/tagging/#defining-tags @ https://www.23andme.com/_next/static/chunks/pages/_app-562b006700332003.js:0
[     882ms] [WARNING] Datadog Browser SDK: Tag version:HEAD doesn't meet tag requirements and will be sanitized. More details: https://docs.datadoghq.com/getting_started/tagging/#defining-tags @ https://www.23andme.com/_next/static/chunks/pages/_app-562b006700332003.js:0
[     882ms] [WARNING] Datadog Browser SDK: Tag version:HEAD doesn't meet tag requirements and will be sanitized. More details: https://docs.datadoghq.com/getting_started/tagging/#defining-tags @ https://www.23andme.com/_next/static/chunks/pages/_app-562b006700332003.js:0
[     882ms] [WARNING] Datadog Browser SDK: Tag version:HEAD doesn't meet tag requirements and will be sanitized. More details: https://docs.datadoghq.com/getting_started/tagging/#defining-tags @ https://www.23andme.com/_next/static/chunks/pages/_app-562b006700332003.js:0
[     883ms] [WARNING] Datadog Browser SDK: Tag version:HEAD doesn't meet tag requirements and will be sanitized. More details: https://docs.datadoghq.com/getting_started/tagging/#defining-tags @ https://www.23andme.com/_next/static/chunks/pages/_app-562b006700332003.js:0
[     883ms] [WARNING] Datadog Browser SDK: Tag version:HEAD doesn't meet tag requirements and will be sanitized. More details: https://docs.datadoghq.com/getting_started/tagging/#defining-tags @ https://www.23andme.com/_next/static/chunks/pages/_app-562b006700332003.js:0
[     883ms] [WARNING] Datadog Browser SDK: Tag version:HEAD doesn't meet tag requirements and will be sanitized. More details: https://docs.datadoghq.com/getting_started/tagging/#defining-tags @ https://www.23andme.com/_next/static/chunks/pages/_app-562b006700332003.js:0
[     883ms] [WARNING] Datadog Browser SDK: Tag version:HEAD doesn't meet tag requirements and will be sanitized. More details: https://docs.datadoghq.com/getting_started/tagging/#defining-tags @ https://www.23andme.com/_next/static/chunks/pages/_app-562b006700332003.js:0
[     883ms] [WARNING] Datadog Browser SDK: Tag version:HEAD doesn't meet tag requirements and will be sanitized. More details: https://docs.datadoghq.com/getting_started/tagging/#defining-tags @ https://www.23andme.com/_next/static/chunks/pages/_app-562b006700332003.js:0
[     883ms] [WARNING] Datadog Browser SDK: Tag version:HEAD doesn't meet tag requirements and will be sanitized. More details: https://docs.datadoghq.com/getting_started/tagging/#defining-tags @ https://www.23andme.com/_next/static/chunks/pages/_app-562b006700332003.js:0
[     883ms] [WARNING] Datadog Browser SDK: Tag version:HEAD doesn't meet tag requirements and will be sanitized. More details: https://docs.datadoghq.com/getting_started/tagging/#defining-tags @ https://www.23andme.com/_next/static/chunks/pages/_app-562b006700332003.js:0
[     883ms] [WARNING] Datadog Browser SDK: Tag version:HEAD doesn't meet tag requirements and will be sanitized. More details: https://docs.datadoghq.com/getting_started/tagging/#defining-tags @ https://www.23andme.com/_next/static/chunks/pages/_app-562b006700332003.js:0
[     883ms] [WARNING] Datadog Browser SDK: Tag version:HEAD doesn't meet tag requirements and will be sanitized. More details: https://docs.datadoghq.com/getting_started/tagging/#defining-tags @ https://www.23andme.com/_next/static/chunks/pages/_app-562b006700332003.js:0
[     883ms] [WARNING] Datadog Browser SDK: Tag version:HEAD doesn't meet tag requirements and will be sanitized. More details: https://docs.datadoghq.com/getting_started/tagging/#defining-tags @ https://www.23andme.com/_next/static/chunks/pages/_app-562b006700332003.js:0
[     883ms] [WARNING] Datadog Browser SDK: Tag version:HEAD doesn't meet tag requirements and will be sanitized. More details: https://docs.datadoghq.com/getting_started/tagging/#defining-tags @ https://www.23andme.com/_next/static/chunks/pages/_app-562b006700332003.js:0
[     883ms] [WARNING] Datadog Browser SDK: Tag version:HEAD doesn't meet tag requirements and will be sanitized. More details: https://docs.datadoghq.com/getting_started/tagging/#defining-tags @ https://www.23andme.com/_next/static/chunks/pages/_app-562b006700332003.js:0
[     883ms] [WARNING] Datadog Browser SDK: Tag version:HEAD doesn't meet tag requirements and will be sanitized. More details: https://docs.datadoghq.com/getting_started/tagging/#defining-tags @ https://www.23andme.com/_next/static/chunks/pages/_app-562b006700332003.js:0
[     883ms] [WARNING] Datadog Browser SDK: Tag version:HEAD doesn't meet tag requirements and will be sanitized. More details: https://docs.datadoghq.com/getting_started/tagging/#defining-tags @ https://www.23andme.com/_next/static/chunks/pages/_app-562b006700332003.js:0
[     884ms] [WARNING] Datadog Browser SDK: Tag version:HEAD doesn't meet tag requirements and will be sanitized. More details: https://docs.datadoghq.com/getting_started/tagging/#defining-tags @ https://www.23andme.com/_next/static/chunks/pages/_app-562b006700332003.js:0
[     884ms] [WARNING] Datadog Browser SDK: Tag version:HEAD doesn't meet tag requirements and will be sanitized. More details: https://docs.datadoghq.com/getting_started/tagging/#defining-tags @ https://www.23andme.com/_next/static/chunks/pages/_app-562b006700332003.js:0
[     884ms] [WARNING] Datadog Browser SDK: Tag version:HEAD doesn't meet tag requirements and will be sanitized. More details: https://docs.datadoghq.com/getting_started/tagging/#defining-tags @ https://www.23andme.com/_next/static/chunks/pages/_app-562b006700332003.js:0
[     884ms] [WARNING] Datadog Browser SDK: Tag version:HEAD doesn't meet tag requirements and will be sanitized. More details: https://docs.datadoghq.com/getting_started/tagging/#defining-tags @ https://www.23andme.com/_next/static/chunks/pages/_app-562b006700332003.js:0
[     884ms] [WARNING] Datadog Browser SDK: Tag version:HEAD doesn't meet tag requirements and will be sanitized. More details: https://docs.datadoghq.com/getting_started/tagging/#defining-tags @ https://www.23andme.com/_next/static/chunks/pages/_app-562b006700332003.js:0
[     884ms] [WARNING] Datadog Browser SDK: Tag version:HEAD doesn't meet tag requirements and will be sanitized. More details: https://docs.datadoghq.com/getting_started/tagging/#defining-tags @ https://www.23andme.com/_next/static/chunks/pages/_app-562b006700332003.js:0
[     884ms] [WARNING] Datadog Browser SDK: Tag version:HEAD doesn't meet tag requirements and will be sanitized. More details: https://docs.datadoghq.com/getting_started/tagging/#defining-tags @ https://www.23andme.com/_next/static/chunks/pages/_app-562b006700332003.js:0
[     884ms] [WARNING] Datadog Browser SDK: Tag version:HEAD doesn't meet tag requirements and will be sanitized. More details: https://docs.datadoghq.com/getting_started/tagging/#defining-tags @ https://www.23andme.com/_next/static/chunks/pages/_app-562b006700332003.js:0
[     884ms] [WARNING] Datadog Browser SDK: Tag version:HEAD doesn't meet tag requirements and will be sanitized. More details: https://docs.datadoghq.com/getting_started/tagging/#defining-tags @ https://www.23andme.com/_next/static/chunks/pages/_app-562b006700332003.js:0
[     884ms] [WARNING] Datadog Browser SDK: Tag version:HEAD doesn't meet tag requirements and will be sanitized. More details: https://docs.datadoghq.com/getting_started/tagging/#defining-tags @ https://www.23andme.com/_next/static/chunks/pages/_app-562b006700332003.js:0
[     884ms] [WARNING] Datadog Browser SDK: Tag version:HEAD doesn't meet tag requirements and will be sanitized. More details: https://docs.datadoghq.com/getting_started/tagging/#defining-tags @ https://www.23andme.com/_next/static/chunks/pages/_app-562b006700332003.js:0
[     884ms] [WARNING] Datadog Browser SDK: Tag version:HEAD doesn't meet tag requirements and will be sanitized. More details: https://docs.datadoghq.com/getting_started/tagging/#defining-tags @ https://www.23andme.com/_next/static/chunks/pages/_app-562b006700332003.js:0
[     884ms] [WARNING] Datadog Browser SDK: Tag version:HEAD doesn't meet tag requirements and will be sanitized. More details: https://docs.datadoghq.com/getting_started/tagging/#defining-tags @ https://www.23andme.com/_next/static/chunks/pages/_app-562b006700332003.js:0
[     884ms] [WARNING] Datadog Browser SDK: Tag version:HEAD doesn't meet tag requirements and will be sanitized. More details: https://docs.datadoghq.com/getting_started/tagging/#defining-tags @ https://www.23andme.com/_next/static/chunks/pages/_app-562b006700332003.js:0
[     884ms] [WARNING] Datadog Browser SDK: Tag version:HEAD doesn't meet tag requirements and will be sanitized. More details: https://docs.datadoghq.com/getting_started/tagging/#defining-tags @ https://www.23andme.com/_next/static/chunks/pages/_app-562b006700332003.js:0
[     885ms] [WARNING] Datadog Browser SDK: Tag version:HEAD doesn't meet tag requirements and will be sanitized. More details: https://docs.datadoghq.com/getting_started/tagging/#defining-tags @ https://www.23andme.com/_next/static/chunks/pages/_app-562b006700332003.js:0
[     885ms] [WARNING] Datadog Browser SDK: Tag version:HEAD doesn't meet tag requirements and will be sanitized. More details: https://docs.datadoghq.com/getting_started/tagging/#defining-tags @ https://www.23andme.com/_next/static/chunks/pages/_app-562b006700332003.js:0
[     885ms] [WARNING] Datadog Browser SDK: Tag version:HEAD doesn't meet tag requirements and will be sanitized. More details: https://docs.datadoghq.com/getting_started/tagging/#defining-tags @ https://www.23andme.com/_next/static/chunks/pages/_app-562b006700332003.js:0
[     885ms] [WARNING] Datadog Browser SDK: Tag version:HEAD doesn't meet tag requirements and will be sanitized. More details: https://docs.datadoghq.com/getting_started/tagging/#defining-tags @ https://www.23andme.com/_next/static/chunks/pages/_app-562b006700332003.js:0
[     885ms] [WARNING] Datadog Browser SDK: Tag version:HEAD doesn't meet tag requirements and will be sanitized. More details: https://docs.datadoghq.com/getting_started/tagging/#defining-tags @ https://www.23andme.com/_next/static/chunks/pages/_app-562b006700332003.js:0
[     885ms] [WARNING] Datadog Browser SDK: Tag version:HEAD doesn't meet tag requirements and will be sanitized. More details: https://docs.datadoghq.com/getting_started/tagging/#defining-tags @ https://www.23andme.com/_next/static/chunks/pages/_app-562b006700332003.js:0
[     885ms] [WARNING] Datadog Browser SDK: Tag version:HEAD doesn't meet tag requirements and will be sanitized. More details: https://docs.datadoghq.com/getting_started/tagging/#defining-tags @ https://www.23andme.com/_next/static/chunks/pages/_app-562b006700332003.js:0
[     885ms] [WARNING] Datadog Browser SDK: Tag version:HEAD doesn't meet tag requirements and will be sanitized. More details: https://docs.datadoghq.com/getting_started/tagging/#defining-tags @ https://www.23andme.com/_next/static/chunks/pages/_app-562b006700332003.js:0
[     885ms] [WARNING] Datadog Browser SDK: Tag version:HEAD doesn't meet tag requirements and will be sanitized. More details: https://docs.datadoghq.com/getting_started/tagging/#defining-tags @ https://www.23andme.com/_next/static/chunks/pages/_app-562b006700332003.js:0
[     885ms] [WARNING] Datadog Browser SDK: Tag version:HEAD doesn't meet tag requirements and will be sanitized. More details: https://docs.datadoghq.com/getting_started/tagging/#defining-tags @ https://www.23andme.com/_next/static/chunks/pages/_app-562b006700332003.js:0
[     885ms] [WARNING] Datadog Browser SDK: Tag version:HEAD doesn't meet tag requirements and will be sanitized. More details: https://docs.datadoghq.com/getting_started/tagging/#defining-tags @ https://www.23andme.com/_next/static/chunks/pages/_app-562b006700332003.js:0
[     885ms] [WARNING] Datadog Browser SDK: Tag version:HEAD doesn't meet tag requirements and will be sanitized. More details: https://docs.datadoghq.com/getting_started/tagging/#defining-tags @ https://www.23andme.com/_next/static/chunks/pages/_app-562b006700332003.js:0
[     885ms] [WARNING] Datadog Browser SDK: Tag version:HEAD doesn't meet tag requirements and will be sanitized. More details: https://docs.datadoghq.com/getting_started/tagging/#defining-tags @ https://www.23andme.com/_next/static/chunks/pages/_app-562b006700332003.js:0
[     885ms] [WARNING] Datadog Browser SDK: Tag version:HEAD doesn't meet tag requirements and will be sanitized. More details: https://docs.datadoghq.com/getting_started/tagging/#defining-tags @ https://www.23andme.com/_next/static/chunks/pages/_app-562b006700332003.js:0
[     885ms] [WARNING] Datadog Browser SDK: Tag version:HEAD doesn't meet tag requirements and will be sanitized. More details: https://docs.datadoghq.com/getting_started/tagging/#defining-tags @ https://www.23andme.com/_next/static/chunks/pages/_app-562b006700332003.js:0
[     885ms] [WARNING] Datadog Browser SDK: Tag version:HEAD doesn't meet tag requirements and will be sanitized. More details: https://docs.datadoghq.com/getting_started/tagging/#defining-tags @ https://www.23andme.com/_next/static/chunks/pages/_app-562b006700332003.js:0
[     885ms] [WARNING] Datadog Browser SDK: Tag version:HEAD doesn't meet tag requirements and will be sanitized. More details: https://docs.datadoghq.com/getting_started/tagging/#defining-tags @ https://www.23andme.com/_next/static/chunks/pages/_app-562b006700332003.js:0
[     885ms] [WARNING] Datadog Browser SDK: Tag version:HEAD doesn't meet tag requirements and will be sanitized. More details: https://docs.datadoghq.com/getting_started/tagging/#defining-tags @ https://www.23andme.com/_next/static/chunks/pages/_app-562b006700332003.js:0
[     885ms] [WARNING] Datadog Browser SDK: Tag version:HEAD doesn't meet tag requirements and will be sanitized. More details: https://docs.datadoghq.com/getting_started/tagging/#defining-tags @ https://www.23andme.com/_next/static/chunks/pages/_app-562b006700332003.js:0
[     885ms] [WARNING] Datadog Browser SDK: Tag version:HEAD doesn't meet tag requirements and will be sanitized. More details: https://docs.datadoghq.com/getting_started/tagging/#defining-tags @ https://www.23andme.com/_next/static/chunks/pages/_app-562b006700332003.js:0
[     886ms] [WARNING] Datadog Browser SDK: Tag version:HEAD doesn't meet tag requirements and will be sanitized. More details: https://docs.datadoghq.com/getting_started/tagging/#defining-tags @ https://www.23andme.com/_next/static/chunks/pages/_app-562b006700332003.js:0
[     886ms] [WARNING] Datadog Browser SDK: Tag version:HEAD doesn't meet tag requirements and will be sanitized. More details: https://docs.datadoghq.com/getting_started/tagging/#defining-tags @ https://www.23andme.com/_next/static/chunks/pages/_app-562b006700332003.js:0
[     886ms] [WARNING] Datadog Browser SDK: Tag version:HEAD doesn't meet tag requirements and will be sanitized. More details: https://docs.datadoghq.com/getting_started/tagging/#defining-tags @ https://www.23andme.com/_next/static/chunks/pages/_app-562b006700332003.js:0
[     886ms] [WARNING] Datadog Browser SDK: Tag version:HEAD doesn't meet tag requirements and will be sanitized. More details: https://docs.datadoghq.com/getting_started/tagging/#defining-tags @ https://www.23andme.com/_next/static/chunks/pages/_app-562b006700332003.js:0
[     886ms] [WARNING] Datadog Browser SDK: Tag version:HEAD doesn't meet tag requirements and will be sanitized. More details: https://docs.datadoghq.com/getting_started/tagging/#defining-tags @ https://www.23andme.com/_next/static/chunks/pages/_app-562b006700332003.js:0
[     886ms] [WARNING] Datadog Browser SDK: Tag version:HEAD doesn't meet tag requirements and will be sanitized. More details: https://docs.datadoghq.com/getting_started/tagging/#defining-tags @ https://www.23andme.com/_next/static/chunks/pages/_app-562b006700332003.js:0
[     886ms] [WARNING] Datadog Browser SDK: Tag version:HEAD doesn't meet tag requirements and will be sanitized. More details: https://docs.datadoghq.com/getting_started/tagging/#defining-tags @ https://www.23andme.com/_next/static/chunks/pages/_app-562b006700332003.js:0
[     886ms] [WARNING] Datadog Browser SDK: Tag version:HEAD doesn't meet tag requirements and will be sanitized. More details: https://docs.datadoghq.com/getting_started/tagging/#defining-tags @ https://www.23andme.com/_next/static/chunks/pages/_app-562b006700332003.js:0
[     886ms] [WARNING] Datadog Browser SDK: Tag version:HEAD doesn't meet tag requirements and will be sanitized. More details: https://docs.datadoghq.com/getting_started/tagging/#defining-tags @ https://www.23andme.com/_next/static/chunks/pages/_app-562b006700332003.js:0
[     886ms] [WARNING] Datadog Browser SDK: Tag version:HEAD doesn't meet tag requirements and will be sanitized. More details: https://docs.datadoghq.com/getting_started/tagging/#defining-tags @ https://www.23andme.com/_next/static/chunks/pages/_app-562b006700332003.js:0
[     886ms] [WARNING] Datadog Browser SDK: Tag version:HEAD doesn't meet tag requirements and will be sanitized. More details: https://docs.datadoghq.com/getting_started/tagging/#defining-tags @ https://www.23andme.com/_next/static/chunks/pages/_app-562b006700332003.js:0
[     886ms] [WARNING] Datadog Browser SDK: Tag version:HEAD doesn't meet tag requirements and will be sanitized. More details: https://docs.datadoghq.com/getting_started/tagging/#defining-tags @ https://www.23andme.com/_next/static/chunks/pages/_app-562b006700332003.js:0
[     886ms] [WARNING] Datadog Browser SDK: Tag version:HEAD doesn't meet tag requirements and will be sanitized. More details: https://docs.datadoghq.com/getting_started/tagging/#defining-tags @ https://www.23andme.com/_next/static/chunks/pages/_app-562b006700332003.js:0
[     886ms] [WARNING] Datadog Browser SDK: Tag version:HEAD doesn't meet tag requirements and will be sanitized. More details: https://docs.datadoghq.com/getting_started/tagging/#defining-tags @ https://www.23andme.com/_next/static/chunks/pages/_app-562b006700332003.js:0
[     886ms] [WARNING] Datadog Browser SDK: Tag version:HEAD doesn't meet tag requirements and will be sanitized. More details: https://docs.datadoghq.com/getting_started/tagging/#defining-tags @ https://www.23andme.com/_next/static/chunks/pages/_app-562b006700332003.js:0
[     886ms] [WARNING] Datadog Browser SDK: Tag version:HEAD doesn't meet tag requirements and will be sanitized. More details: https://docs.datadoghq.com/getting_started/tagging/#defining-tags @ https://www.23andme.com/_next/static/chunks/pages/_app-562b006700332003.js:0
[     886ms] [WARNING] Datadog Browser SDK: Tag version:HEAD doesn't meet tag requirements and will be sanitized. More details: https://docs.datadoghq.com/getting_started/tagging/#defining-tags @ https://www.23andme.com/_next/static/chunks/pages/_app-562b006700332003.js:0
[     886ms] [WARNING] Datadog Browser SDK: Tag version:HEAD doesn't meet tag requirements and will be sanitized. More details: https://docs.datadoghq.com/getting_started/tagging/#defining-tags @ https://www.23andme.com/_next/static/chunks/pages/_app-562b006700332003.js:0
[     886ms] [WARNING] Datadog Browser SDK: Tag version:HEAD doesn't meet tag requirements and will be sanitized. More details: https://docs.datadoghq.com/getting_started/tagging/#defining-tags @ https://www.23andme.com/_next/static/chunks/pages/_app-562b006700332003.js:0
[     887ms] [WARNING] Datadog Browser SDK: Tag version:HEAD doesn't meet tag requirements and will be sanitized. More details: https://docs.datadoghq.com/getting_started/tagging/#defining-tags @ https://www.23andme.com/_next/static/chunks/pages/_app-562b006700332003.js:0
[     892ms] [WARNING] Datadog Browser SDK: Tag version:HEAD doesn't meet tag requirements and will be sanitized. More details: https://docs.datadoghq.com/getting_started/tagging/#defining-tags @ https://www.23andme.com/_next/static/chunks/pages/_app-562b006700332003.js:0
[     908ms] [WARNING] Datadog Browser SDK: Tag version:HEAD doesn't meet tag requirements and will be sanitized. More details: https://docs.datadoghq.com/getting_started/tagging/#defining-tags @ https://www.23andme.com/_next/static/chunks/pages/_app-562b006700332003.js:0
[     908ms] [WARNING] Datadog Browser SDK: Tag version:HEAD doesn't meet tag requirements and will be sanitized. More details: https://docs.datadoghq.com/getting_started/tagging/#defining-tags @ https://www.23andme.com/_next/static/chunks/pages/_app-562b006700332003.js:0
[     926ms] [WARNING] Datadog Browser SDK: Tag version:HEAD doesn't meet tag requirements and will be sanitized. More details: https://docs.datadoghq.com/getting_started/tagging/#defining-tags @ https://www.23andme.com/_next/static/chunks/pages/_app-562b006700332003.js:0
[     926ms] [WARNING] Datadog Browser SDK: Tag version:HEAD doesn't meet tag requirements and will be sanitized. More details: https://docs.datadoghq.com/getting_started/tagging/#defining-tags @ https://www.23andme.com/_next/static/chunks/pages/_app-562b006700332003.js:0
[     975ms] [WARNING] Datadog Browser SDK: Tag version:HEAD doesn't meet tag requirements and will be sanitized. More details: https://docs.datadoghq.com/getting_started/tagging/#defining-tags @ https://www.23andme.com/_next/static/chunks/pages/_app-562b006700332003.js:0
[    1026ms] [WARNING] Datadog Browser SDK: Tag version:HEAD doesn't meet tag requirements and will be sanitized. More details: https://docs.datadoghq.com/getting_started/tagging/#defining-tags @ https://www.23andme.com/_next/static/chunks/pages/_app-562b006700332003.js:0
[    1043ms] [WARNING] Datadog Browser SDK: Tag version:HEAD doesn't meet tag requirements and will be sanitized. More details: https://docs.datadoghq.com/getting_started/tagging/#defining-tags @ https://www.23andme.com/_next/static/chunks/pages/_app-562b006700332003.js:0
[    1106ms] [ERROR] Attestation check for Attribution Reporting on https://www.facebook.com failed. @ https://www.23andme.com/:0
[    1116ms] [WARNING] Datadog Browser SDK: Tag version:HEAD doesn't meet tag requirements and will be sanitized. More details: https://docs.datadoghq.com/getting_started/tagging/#defining-tags @ https://www.23andme.com/_next/static/chunks/pages/_app-562b006700332003.js:0
[    1142ms] [WARNING] Datadog Browser SDK: Tag version:HEAD doesn't meet tag requirements and will be sanitized. More details: https://docs.datadoghq.com/getting_started/tagging/#defining-tags @ https://www.23andme.com/_next/static/chunks/pages/_app-562b006700332003.js:0
[    1192ms] [WARNING] Datadog Browser SDK: Tag version:HEAD doesn't meet tag requirements and will be sanitized. More details: https://docs.datadoghq.com/getting_started/tagging/#defining-tags @ https://www.23andme.com/_next/static/chunks/pages/_app-562b006700332003.js:0
[    2509ms] [WARNING] Datadog Browser SDK: Tag version:HEAD doesn't meet tag requirements and will be sanitized. More details: https://docs.datadoghq.com/getting_started/tagging/#defining-tags @ https://www.23andme.com/_next/static/chunks/pages/_app-562b006700332003.js:0
[    3566ms] [WARNING] Datadog Browser SDK: Tag version:HEAD doesn't meet tag requirements and will be sanitized. More details: https://docs.datadoghq.com/getting_started/tagging/#defining-tags @ https://www.23andme.com/_next/static/chunks/pages/_app-562b006700332003.js:0
[    5505ms] [WARNING] The resource https://www.23andme.com/assets/fonts/Rialta-Medium.woff2 was preloaded using link preload but not used within a few seconds from the window's load event. Please make sure it has an appropriate `as` value and it is preloaded intentionally. @ https://www.23andme.com/:0
[    5505ms] [WARNING] The resource https://www.23andme.com/assets/fonts/Rialta-Regular.woff2 was preloaded using link preload but not used within a few seconds from the window's load event. Please make sure it has an appropriate `as` value and it is preloaded intentionally. @ https://www.23andme.com/:0
[    5505ms] [WARNING] The resource https://www.23andme.com/assets/fonts/Rialta-Demibold.woff2 was preloaded using link preload but not used within a few seconds from the window's load event. Please make sure it has an appropriate `as` value and it is preloaded intentionally. @ https://www.23andme.com/:0
[    5505ms] [WARNING] The resource https://www.23andme.com/assets/fonts/Rialta-Light.woff2 was preloaded using link preload but not used within a few seconds from the window's load event. Please make sure it has an appropriate `as` value and it is preloaded intentionally. @ https://www.23andme.com/:0
[    5744ms] [WARNING] Datadog Browser SDK: Tag version:HEAD doesn't meet tag requirements and will be sanitized. More details: https://docs.datadoghq.com/getting_started/tagging/#defining-tags @ https://www.23andme.com/_next/static/chunks/pages/_app-562b006700332003.js:0
[    6160ms] [WARNING] Datadog Browser SDK: Tag version:HEAD doesn't meet tag requirements and will be sanitized. More details: https://docs.datadoghq.com/getting_started/tagging/#defining-tags @ https://www.23andme.com/_next/static/chunks/pages/_app-562b006700332003.js:0
[    8746ms] [WARNING] Datadog Browser SDK: Tag version:HEAD doesn't meet tag requirements and will be sanitized. More details: https://docs.datadoghq.com/getting_started/tagging/#defining-tags @ https://www.23andme.com/_next/static/chunks/pages/_app-562b006700332003.js:0
[    9148ms] [WARNING] The resource https://www.23andme.com/assets/fonts/Rialta-Medium.woff2 was preloaded using link preload but not used within a few seconds from the window's load event. Please make sure it has an appropriate `as` value and it is preloaded intentionally. @ https://www.23andme.com/:0
[    9148ms] [WARNING] The resource https://www.23andme.com/assets/fonts/Rialta-Regular.woff2 was preloaded using link preload but not used within a few seconds from the window's load event. Please make sure it has an appropriate `as` value and it is preloaded intentionally. @ https://www.23andme.com/:0
[    9148ms] [WARNING] The resource https://www.23andme.com/assets/fonts/Rialta-Demibold.woff2 was preloaded using link preload but not used within a few seconds from the window's load event. Please make sure it has an appropriate `as` value and it is preloaded intentionally. @ https://www.23andme.com/:0
[    9148ms] [WARNING] The resource https://www.23andme.com/assets/fonts/Rialta-Light.woff2 was preloaded using link preload but not used within a few seconds from the window's load event. Please make sure it has an appropriate `as` value and it is preloaded intentionally. @ https://www.23andme.com/:0
[   15677ms] [WARNING] Datadog Browser SDK: Tag version:HEAD doesn't meet tag requirements and will be sanitized. More details: https://docs.datadoghq.com/getting_started/tagging/#defining-tags @ https://www.23andme.com/_next/static/chunks/pages/_app-562b006700332003.js:0
[   18665ms] [WARNING] The resource https://www.23andme.com/assets/fonts/Rialta-Medium.woff2 was preloaded using link preload but not used within a few seconds from the window's load event. Please make sure it has an appropriate `as` value and it is preloaded intentionally. @ https://www.23andme.com/:0
[   18666ms] [WARNING] The resource https://www.23andme.com/assets/fonts/Rialta-Regular.woff2 was preloaded using link preload but not used within a few seconds from the window's load event. Please make sure it has an appropriate `as` value and it is preloaded intentionally. @ https://www.23andme.com/:0
[   18666ms] [WARNING] The resource https://www.23andme.com/assets/fonts/Rialta-Demibold.woff2 was preloaded using link preload but not used within a few seconds from the window's load event. Please make sure it has an appropriate `as` value and it is preloaded intentionally. @ https://www.23andme.com/:0
[   18666ms] [WARNING] The resource https://www.23andme.com/assets/fonts/Rialta-Light.woff2 was preloaded using link preload but not used within a few seconds from the window's load event. Please make sure it has an appropriate `as` value and it is preloaded intentionally. @ https://www.23andme.com/:0
[   18679ms] [WARNING] Datadog Browser SDK: Tag version:HEAD doesn't meet tag requirements and will be sanitized. More details: https://docs.datadoghq.com/getting_started/tagging/#defining-tags @ https://www.23andme.com/_next/static/chunks/pages/_app-562b006700332003.js:0
[   34278ms] [WARNING] The resource https://www.23andme.com/assets/fonts/Rialta-Medium.woff2 was preloaded using link preload but not used within a few seconds from the window's load event. Please make sure it has an appropriate `as` value and it is preloaded intentionally. @ https://www.23andme.com/:0
[   34278ms] [WARNING] The resource https://www.23andme.com/assets/fonts/Rialta-Regular.woff2 was preloaded using link preload but not used within a few seconds from the window's load event. Please make sure it has an appropriate `as` value and it is preloaded intentionally. @ https://www.23andme.com/:0
[   34278ms] [WARNING] The resource https://www.23andme.com/assets/fonts/Rialta-Demibold.woff2 was preloaded using link preload but not used within a few seconds from the window's load event. Please make sure it has an appropriate `as` value and it is preloaded intentionally. @ https://www.23andme.com/:0
[   34278ms] [WARNING] The resource https://www.23andme.com/assets/fonts/Rialta-Light.woff2 was preloaded using link preload but not used within a few seconds from the window's load event. Please make sure it has an appropriate `as` value and it is preloaded intentionally. @ https://www.23andme.com/:0
[  219271ms] [WARNING] Datadog Browser SDK: Tag version:HEAD doesn't meet tag requirements and will be sanitized. More details: https://docs.datadoghq.com/getting_started/tagging/#defining-tags @ https://www.23andme.com/_next/static/chunks/pages/_app-562b006700332003.js:0
[  219272ms] [WARNING] Datadog Browser SDK: Tag version:HEAD doesn't meet tag requirements and will be sanitized. More details: https://docs.datadoghq.com/getting_started/tagging/#defining-tags @ https://www.23andme.com/_next/static/chunks/pages/_app-562b006700332003.js:0
[  219272ms] [WARNING] Datadog Browser SDK: Tag version:HEAD doesn't meet tag requirements and will be sanitized. More details: https://docs.datadoghq.com/getting_started/tagging/#defining-tags @ https://www.23andme.com/_next/static/chunks/pages/_app-562b006700332003.js:0
[  219359ms] [WARNING] Datadog Browser SDK: Tag version:HEAD doesn't meet tag requirements and will be sanitized. More details: https://docs.datadoghq.com/getting_started/tagging/#defining-tags @ https://www.23andme.com/_next/static/chunks/pages/_app-562b006700332003.js:0
[  222282ms] [WARNING] Datadog Browser SDK: Tag version:HEAD doesn't meet tag requirements and will be sanitized. More details: https://docs.datadoghq.com/getting_started/tagging/#defining-tags @ https://www.23andme.com/_next/static/chunks/pages/_app-562b006700332003.js:0
[  222350ms] [WARNING] The resource https://www.23andme.com/assets/fonts/Rialta-Medium.woff2 was preloaded using link preload but not used within a few seconds from the window's load event. Please make sure it has an appropriate `as` value and it is preloaded intentionally. @ https://www.23andme.com/:0
[  222350ms] [WARNING] The resource https://www.23andme.com/assets/fonts/Rialta-Regular.woff2 was preloaded using link preload but not used within a few seconds from the window's load event. Please make sure it has an appropriate `as` value and it is preloaded intentionally. @ https://www.23andme.com/:0
[  222350ms] [WARNING] The resource https://www.23andme.com/assets/fonts/Rialta-Demibold.woff2 was preloaded using link preload but not used within a few seconds from the window's load event. Please make sure it has an appropriate `as` value and it is preloaded intentionally. @ https://www.23andme.com/:0
[  222350ms] [WARNING] The resource https://www.23andme.com/assets/fonts/Rialta-Light.woff2 was preloaded using link preload but not used within a few seconds from the window's load event. Please make sure it has an appropriate `as` value and it is preloaded intentionally. @ https://www.23andme.com/:0
[  224327ms] [WARNING] Datadog Browser SDK: Tag version:HEAD doesn't meet tag requirements and will be sanitized. More details: https://docs.datadoghq.com/getting_started/tagging/#defining-tags @ https://www.23andme.com/_next/static/chunks/pages/_app-562b006700332003.js:0
[  227313ms] [WARNING] The resource https://www.23andme.com/assets/fonts/Rialta-Medium.woff2 was preloaded using link preload but not used within a few seconds from the window's load event. Please make sure it has an appropriate `as` value and it is preloaded intentionally. @ https://www.23andme.com/:0
[  227313ms] [WARNING] The resource https://www.23andme.com/assets/fonts/Rialta-Regular.woff2 was preloaded using link preload but not used within a few seconds from the window's load event. Please make sure it has an appropriate `as` value and it is preloaded intentionally. @ https://www.23andme.com/:0
[  227313ms] [WARNING] The resource https://www.23andme.com/assets/fonts/Rialta-Demibold.woff2 was preloaded using link preload but not used within a few seconds from the window's load event. Please make sure it has an appropriate `as` value and it is preloaded intentionally. @ https://www.23andme.com/:0
[  227313ms] [WARNING] The resource https://www.23andme.com/assets/fonts/Rialta-Light.woff2 was preloaded using link preload but not used within a few seconds from the window's load event. Please make sure it has an appropriate `as` value and it is preloaded intentionally. @ https://www.23andme.com/:0
[  227329ms] [WARNING] Datadog Browser SDK: Tag version:HEAD doesn't meet tag requirements and will be sanitized. More details: https://docs.datadoghq.com/getting_started/tagging/#defining-tags @ https://www.23andme.com/_next/static/chunks/pages/_app-562b006700332003.js:0
[  252579ms] [WARNING] The resource https://www.23andme.com/assets/fonts/Rialta-Medium.woff2 was preloaded using link preload but not used within a few seconds from the window's load event. Please make sure it has an appropriate `as` value and it is preloaded intentionally. @ https://www.23andme.com/:0
[  252579ms] [WARNING] The resource https://www.23andme.com/assets/fonts/Rialta-Regular.woff2 was preloaded using link preload but not used within a few seconds from the window's load event. Please make sure it has an appropriate `as` value and it is preloaded intentionally. @ https://www.23andme.com/:0
[  252579ms] [WARNING] The resource https://www.23andme.com/assets/fonts/Rialta-Demibold.woff2 was preloaded using link preload but not used within a few seconds from the window's load event. Please make sure it has an appropriate `as` value and it is preloaded intentionally. @ https://www.23andme.com/:0
[  252579ms] [WARNING] The resource https://www.23andme.com/assets/fonts/Rialta-Light.woff2 was preloaded using link preload but not used within a few seconds from the window's load event. Please make sure it has an appropriate `as` value and it is preloaded intentionally. @ https://www.23andme.com/:0
[  300472ms] [WARNING] Datadog Browser SDK: Tag version:HEAD doesn't meet tag requirements and will be sanitized. More details: https://docs.datadoghq.com/getting_started/tagging/#defining-tags @ https://www.23andme.com/_next/static/chunks/pages/_app-562b006700332003.js:0
[  333725ms] [WARNING] The resource https://www.23andme.com/assets/fonts/Rialta-Medium.woff2 was preloaded using link preload but not used within a few seconds from the window's load event. Please make sure it has an appropriate `as` value and it is preloaded intentionally. @ https://www.23andme.com/:0
[  333725ms] [WARNING] The resource https://www.23andme.com/assets/fonts/Rialta-Regular.woff2 was preloaded using link preload but not used within a few seconds from the window's load event. Please make sure it has an appropriate `as` value and it is preloaded intentionally. @ https://www.23andme.com/:0
[  333725ms] [WARNING] The resource https://www.23andme.com/assets/fonts/Rialta-Demibold.woff2 was preloaded using link preload but not used within a few seconds from the window's load event. Please make sure it has an appropriate `as` value and it is preloaded intentionally. @ https://www.23andme.com/:0
[  333725ms] [WARNING] The resource https://www.23andme.com/assets/fonts/Rialta-Light.woff2 was preloaded using link preload but not used within a few seconds from the window's load event. Please make sure it has an appropriate `as` value and it is preloaded intentionally. @ https://www.23andme.com/:0
